// Jest Snapshot v1, https://goo.gl/fbAQLP

exports[`Logo snapshots renders 1`] = `
.c0 {
  display: -webkit-box;
  display: -webkit-flex;
  display: -ms-flexbox;
  display: flex;
  -webkit-flex-direction: row;
  -ms-flex-direction: row;
  flex-direction: row;
  -webkit-align-items: start;
  -webkit-box-align: start;
  -ms-flex-align: start;
  align-items: start;
  -webkit-box-pack: start;
  -webkit-justify-content: flex-start;
  -ms-flex-pack: start;
  justify-content: flex-start;
}

.c1 {
  padding-left: 12px;
  width: 236px;
}

.c1 a {
  display: -webkit-box;
  display: -webkit-flex;
  display: -ms-flexbox;
  display: flex;
  -webkit-align-items: center;
  -webkit-box-align: center;
  -ms-flex-align: center;
  align-items: center;
}

.c1 img {
  width: auto;
  height: 32px;
}

<div
  className="c0 c1"
>
  <a
    href="/applications"
    onClick={[Function]}
  >
    <img
      src=""
    />
  </a>
</div>
`;
