// Jest Snapshot v1, https://goo.gl/fbAQLP

exports[`MessageBox snapshots renders 1`] = `
.c0 {
  display: -webkit-box;
  display: -webkit-flex;
  display: -ms-flexbox;
  display: flex;
  -webkit-flex-direction: column;
  -ms-flex-direction: column;
  flex-direction: column;
  -webkit-align-items: center;
  -webkit-box-align: center;
  -ms-flex-align: center;
  align-items: center;
  box-shadow: 5px 10px 50px 3px #0000001a;
}

.c1 {
  box-sizing: border-box;
  width: 560px;
  padding: 24px 48px 64px;
  border-radius: 10px;
  background-color: #ffffffd9;
  color: #737373;
}

<div
  className="c0 c1"
>
  Column and items centered.
</div>
`;
