// Jest Snapshot v1, https://goo.gl/fbAQLP

exports[`Page snapshots default 1`] = `
.c0 {
  display: -webkit-box;
  display: -webkit-flex;
  display: -ms-flexbox;
  display: flex;
  -webkit-flex-direction: column;
  -ms-flex-direction: column;
  flex-direction: column;
  -webkit-align-items: start;
  -webkit-box-align: start;
  -ms-flex-align: start;
  align-items: start;
  height: 100%;
  width: 100%;
  -webkit-box-pack: start;
  -webkit-justify-content: flex-start;
  -ms-flex-pack: start;
  justify-content: flex-start;
}

.c3 {
  display: -webkit-box;
  display: -webkit-flex;
  display: -ms-flexbox;
  display: flex;
  -webkit-flex-direction: row;
  -ms-flex-direction: row;
  flex-direction: row;
  -webkit-align-items: start;
  -webkit-box-align: start;
  -ms-flex-align: start;
  align-items: start;
  width: 100%;
  -webkit-box-pack: start;
  -webkit-justify-content: flex-start;
  -ms-flex-pack: start;
  justify-content: flex-start;
  -webkit-box-pack: justify;
  -webkit-justify-content: space-between;
  -ms-flex-pack: justify;
  justify-content: space-between;
}

.c5 {
  display: -webkit-box;
  display: -webkit-flex;
  display: -ms-flexbox;
  display: flex;
  -webkit-flex-direction: row;
  -ms-flex-direction: row;
  flex-direction: row;
  -webkit-align-items: center;
  -webkit-box-align: center;
  -ms-flex-align: center;
  align-items: center;
}

.c8 {
  display: -webkit-box;
  display: -webkit-flex;
  display: -ms-flexbox;
  display: flex;
  -webkit-flex-direction: row;
  -ms-flex-direction: row;
  flex-direction: row;
  -webkit-align-items: start;
  -webkit-box-align: start;
  -ms-flex-align: start;
  align-items: start;
  width: 100%;
  -webkit-box-pack: justify;
  -webkit-justify-content: space-between;
  -ms-flex-pack: justify;
  justify-content: space-between;
}

.c10 {
  display: -webkit-box;
  display: -webkit-flex;
  display: -ms-flexbox;
  display: flex;
  -webkit-flex-direction: row;
  -ms-flex-direction: row;
  flex-direction: row;
  -webkit-align-items: start;
  -webkit-box-align: start;
  -ms-flex-align: start;
  align-items: start;
}

.c11 {
  font-family: 'proxima-nova',Helvetica,Arial,sans-serif;
  font-size: 16px;
  font-weight: 400;
  text-transform: none;
  font-style: normal;
  color: #737373;
}

.c14 {
  font-family: 'proxima-nova',Helvetica,Arial,sans-serif;
  font-size: 16px;
  font-weight: 400;
  text-transform: none;
  font-style: normal;
  color: #00b3ec;
}

.c13 {
  -webkit-text-decoration: none;
  text-decoration: none;
}

.c13.title-bar-button {
  width: 250px;
}

.c6 {
  padding: 12px;
}

.c12 {
  padding: 4px;
}

.c15 {
  padding-right: 24px;
}

.c9 {
  color: #737373;
}

.c7 {
  padding-left: 8px;
}

.c7 .MuiCircularProgress-root {
  -webkit-transition: opacity 2s;
  transition: opacity 2s;
  margin-bottom: 0;
}

.c7 .MuiCircularProgress-root.in {
  opacity: 1;
}

.c7 .MuiCircularProgress-root.out {
  opacity: 0;
}

.c1 {
  background-color: rgba(255,255,255,0.75);
  border-radius: 10px;
  box-sizing: border-box;
  margin: 0 auto;
  min-width: 1260px;
  min-height: 480px;
  max-width: 100%;
  padding-bottom: 24px;
  padding-left: 24px;
  padding-right: 24px;
  padding-top: 24px;
  overflow: hidden;
}

.c4 h2 {
  margin: 0 !important;
  color: #1a1a1a !important;
}

.c2 .MuiAlert-root {
  width: 100%;
}

<div
  className="c0 c1 c2"
>
  <div
    className="c3 c4"
  >
    <div
      className="c5"
    >
      <h2 />
      <div
        className="c6"
      />
      <div
        className="c5 c7"
      >
        <div
          className="MuiCircularProgress-root out MuiCircularProgress-colorPrimary MuiCircularProgress-indeterminate"
          role="progressbar"
          style={
            Object {
              "height": "16px",
              "width": "16px",
            }
          }
        >
          <svg
            className="MuiCircularProgress-svg"
            viewBox="22 22 44 44"
          >
            <circle
              className="MuiCircularProgress-circle MuiCircularProgress-circleIndeterminate"
              cx={44}
              cy={44}
              fill="none"
              r={20.2}
              strokeWidth={3.6}
              style={Object {}}
            />
          </svg>
        </div>
      </div>
    </div>
  </div>
  <div
    className="c0"
  />
  <footer
    className="c8 c9 Footer"
  >
    <div
      className="c10"
    >
      <span
        className="c11"
        color="neutral30"
        size="normal"
      >
        Need help? Contact us at
      </span>
      <div
        className="c12"
      />
      <a
        className="c13"
        href="mailto:support@weave.works"
        rel="noreferrer"
        target="_blank"
      >
        <span
          className="c14"
          color="primary"
          size="normal"
        >
          support@weave.works
        </span>
      </a>
    </div>
    <div
      className="c10 c15"
    >
      <div
        className="c12"
      />
      <span
        className="c11"
        color="neutral30"
        size="normal"
      >
        © 2022 Weaveworks
      </span>
    </div>
  </footer>
</div>
`;
