// Jest Snapshot v1, https://goo.gl/fbAQLP

exports[`Page snapshots default 1`] = `
.c0 {
  display: -webkit-box;
  display: -webkit-flex;
  display: -ms-flexbox;
  display: flex;
  -webkit-flex-direction: column;
  -ms-flex-direction: column;
  flex-direction: column;
  -webkit-align-items: start;
  -webkit-box-align: start;
  -ms-flex-align: start;
  align-items: start;
  -webkit-box-pack: start;
  -webkit-justify-content: flex-start;
  -ms-flex-pack: start;
  justify-content: flex-start;
}

.c2 {
  display: -webkit-box;
  display: -webkit-flex;
  display: -ms-flexbox;
  display: flex;
  -webkit-flex-direction: column;
  -ms-flex-direction: column;
  flex-direction: column;
  -webkit-align-items: start;
  -webkit-box-align: start;
  -ms-flex-align: start;
  align-items: start;
  width: 100%;
  -webkit-box-pack: start;
  -webkit-justify-content: flex-start;
  -ms-flex-pack: start;
  justify-content: flex-start;
}

.c4 {
  display: -webkit-box;
  display: -webkit-flex;
  display: -ms-flexbox;
  display: flex;
  -webkit-flex-direction: row;
  -ms-flex-direction: row;
  flex-direction: row;
  -webkit-align-items: start;
  -webkit-box-align: start;
  -ms-flex-align: start;
  align-items: start;
  width: 100%;
  -webkit-box-pack: start;
  -webkit-justify-content: flex-start;
  -ms-flex-pack: start;
  justify-content: flex-start;
  -webkit-box-pack: justify;
  -webkit-justify-content: space-between;
  -ms-flex-pack: justify;
  justify-content: space-between;
}

.c6 {
  display: -webkit-box;
  display: -webkit-flex;
  display: -ms-flexbox;
  display: flex;
  -webkit-flex-direction: row;
  -ms-flex-direction: row;
  flex-direction: row;
  -webkit-align-items: center;
  -webkit-box-align: center;
  -ms-flex-align: center;
  align-items: center;
  -webkit-box-pack: space-evenly;
  -webkit-justify-content: space-evenly;
  -ms-flex-pack: space-evenly;
  justify-content: space-evenly;
}

.c11 {
  display: -webkit-box;
  display: -webkit-flex;
  display: -ms-flexbox;
  display: flex;
  -webkit-flex-direction: row;
  -ms-flex-direction: row;
  flex-direction: row;
  -webkit-align-items: center;
  -webkit-box-align: center;
  -ms-flex-align: center;
  align-items: center;
  width: 100%;
  -webkit-box-pack: space-evenly;
  -webkit-justify-content: space-evenly;
  -ms-flex-pack: space-evenly;
  justify-content: space-evenly;
  -webkit-box-pack: center;
  -webkit-justify-content: center;
  -ms-flex-pack: center;
  justify-content: center;
}

.c10 {
  width: 100%;
  max-width: 1400px;
  margin: 0 auto;
  font-size: 14px;
}

.c10 ul {
  list-style: none;
  display: -webkit-box;
  display: -webkit-flex;
  display: -ms-flexbox;
  display: flex;
}

.c10 ul li {
  padding: 0 16px;
}

.c10 a {
  -webkit-text-decoration: none;
  text-decoration: none;
}

.c7 {
  padding: 12px;
}

.c8 {
  padding-left: 8px;
}

.c8 .MuiCircularProgress-root {
  -webkit-transition: opacity 2s;
  transition: opacity 2s;
  margin-bottom: 0;
}

.c8 .MuiCircularProgress-root.in {
  opacity: 1;
}

.c8 .MuiCircularProgress-root.out {
  opacity: 0;
}

.c3 {
  background-color: rgba(255,255,255,0.75);
  border-radius: 10px;
  box-sizing: border-box;
  margin: 0 auto;
  min-width: 1260px;
  min-height: 480px;
  padding-bottom: 24px;
  padding-left: 32px;
  padding-top: 24px;
  width: 100%;
  height: 100%;
}

.c9 {
  height: 100%;
}

.c5 h2 {
  margin: 0 !important;
  color: #1a1a1a !important;
}

.c1 {
  height: 100%;
}

.c1 .MuiAlert-root {
  width: 100%;
}

<div
  className="c0 c1"
>
  <div
    className="c2 c3"
  >
    <div
      className="c4 c5"
    >
      <div
        className="c6"
      >
        <h2 />
        <div
          className="c7"
        />
        <div
          className="c6 c8"
        >
          <div
            className="MuiCircularProgress-root out MuiCircularProgress-colorPrimary MuiCircularProgress-indeterminate"
            role="progressbar"
            style={
              Object {
                "height": "16px",
                "width": "16px",
              }
            }
          >
            <svg
              className="MuiCircularProgress-svg"
              viewBox="22 22 44 44"
            >
              <circle
                className="MuiCircularProgress-circle MuiCircularProgress-circleIndeterminate"
                cx={44}
                cy={44}
                fill="none"
                r={20.2}
                strokeWidth={3.6}
                style={Object {}}
              />
            </svg>
          </div>
        </div>
      </div>
    </div>
    <div
      className="c2 c9"
    />
  </div>
  <footer
    className="c10 Footer"
  >
    <div
      className="c11"
    >
      <ul>
        <li>
          © 2021 Weaveworks
        </li>
        <li>
          <span>
            •
          </span>
        </li>
        <li>
          <a
            href="https://www.weave.works/product/gitops-core/"
            target="_blank"
          >
            About
          </a>
        </li>
        <li>
          <a
            href="https://docs.gitops.weave.works/"
            target="_blank"
          >
            Docs
          </a>
        </li>
        <li>
          <a
            href="https://www.weave.works/help/"
            target="_blank"
          >
            Help
          </a>
        </li>
        <li>
          <a
            href="mailto:sales@weave.works"
            target="_blank"
          >
            Commercial Support
          </a>
        </li>
        <li />
      </ul>
    </div>
  </footer>
</div>
`;
