// Jest Snapshot v1, https://jestjs.io/docs/snapshot-testing

exports[`DataTable snapshots renders 1`] = `
<DocumentFragment>
  .c0 {
  display: flex;
  flex-direction: column;
  align-items: start;
  height: 100%;
  width: 100%;
}

.c2 {
  display: flex;
  flex-direction: row;
  align-items: center;
  width: 100%;
  justify-content: flex-end;
}

.c4 {
  display: flex;
  flex-direction: row;
  align-items: start;
  height: 100%;
  width: 100%;
}

.c5 {
  display: flex;
  flex-direction: row;
  align-items: center;
  gap: 4px;
  justify-content: flex-start;
}

.c7 {
  display: flex;
  flex-direction: row;
  align-items: center;
}

.c13 {
  display: flex;
  flex-direction: column;
  align-items: start;
  justify-content: flex-start;
}

.c15 {
  display: flex;
  flex-direction: row;
  align-items: center;
  width: 100%;
  justify-content: flex-start;
}

.c10 {
  font-family: 'proxima-nova',Helvetica,Arial,sans-serif;
  font-size: 14px;
  font-weight: 400;
  text-transform: none;
  font-style: normal;
}

.c16 {
  font-family: 'proxima-nova',Helvetica,Arial,sans-serif;
  font-size: 20px;
  font-weight: 400;
  text-transform: none;
  font-style: normal;
  color: #737373;
}

.c8 svg {
  height: 16px;
  width: 16px;
}

.c8 svg path.path-fill,
.c8 svg line.path-fill,
.c8 svg polygon.path-fill,
.c8 svg rect.path-fill,
.c8 svg circle.path-fill,
.c8 svg polyline.path-fill {
  fill: !important;
  transition: fill 200ms cubic-bezier(0.4, 0, 0.2, 1) 0ms;
}

.c8 svg path.stroke-fill,
.c8 svg line.stroke-fill,
.c8 svg polygon.stroke-fill,
.c8 svg rect.stroke-fill,
.c8 svg circle.stroke-fill,
.c8 svg polyline.stroke-fill {
  stroke: !important;
  transition: stroke 200ms cubic-bezier(0.4, 0, 0.2, 1) 0ms;
}

.c8 svg rect.rect-height {
  height: 16px;
  width: 16px;
}

.c8.downward {
  transform: rotate(180deg);
}

.c8.upward {
  transform: initial;
}

.c8 .c9 {
  margin-left: 4px;
}

.c8 img {
  width: 16px;
}

.c11 {
  position: relative;
  height: 100%;
  width: 0px;
  left: 24px;
  transition-property: width,left;
  transition-duration: 0.5s;
  transition-timing-function: ease-in-out;
}

.c11.open {
  left: 0px;
  width: 350px;
}

.c12 {
  background: rbga(255, 255, 255, 0.75);
  height: 100%;
  width: 100%;
  border-left: 2px solid #BDBDBD;
  padding: 24px;
  padding-left: 32px;
}

.c14 .MuiListItem-gutters {
  padding-left: 0px;
}

.c14 .MuiCheckbox-root {
  padding: 0px;
}

.c14 .MuiCheckbox-colorSecondary.Mui-checked {
  color: #00b3ec;
}

.c6.MuiButton-root {
  margin: 0;
  text-transform: none;
  letter-spacing: 0;
}

.c6.MuiButton-text {
  min-width: 0px;
}

.c6.MuiButton-text .selected {
  color: #1a1a1a;
}

.c6.arrow {
  min-width: 0px;
}

.c3 {
  max-width: 100%;
}

.c1 {
  width: 100%;
  flex-wrap: nowrap;
  overflow-x: hidden;
}

.c1 h2 {
  padding: 8px;
  font-size: 12px;
  font-weight: 600;
  color: #737373;
  margin: 0px;
  white-space: nowrap;
  text-transform: uppercase;
  letter-spacing: 1px;
}

.c1 .MuiTableRow-root {
  transition: background 0.5s ease-in-out;
}

.c1 .MuiTableRow-root:not(.MuiTableRow-head):hover {
  background: #f5f5f5;
  transition: background 0.5s ease-in-out;
}

.c1 .MuiTableCell-root {
  border-color: #BDBDBD;
}

.c1 table {
  margin-top: 12px;
}

.c1 th {
  padding: 0;
  background: #C2C9D7;
}

.c1 th .MuiCheckbox-root {
  padding: 4px 9px;
}

.c1 th :first-child {
  border-top-left-radius: 4px;
}

.c1 th :last-child {
  border-top-right-radius: 4px;
}

.c1 td {
  padding-left: 16px;
  white-space: nowrap;
  overflow: hidden;
  text-overflow: ellipsis;
}

<div
    class="c0 c1"
  >
    <div
      class="c2 c3"
    />
    <div
      class="c4"
    >
      <div
        class="MuiTableContainer-root css-70zvr5-MuiTableContainer-root"
      >
        <table
          class="MuiTable-root css-wzk8yp-MuiTable-root"
        >
          <thead
            class="MuiTableHead-root css-1a7iywq-MuiTableHead-root"
          >
            <tr
              class="MuiTableRow-root MuiTableRow-head css-h5ctz1-MuiTableRow-root"
            >
              <th
                class="MuiTableCell-root MuiTableCell-head MuiTableCell-sizeMedium css-bf3zdk-MuiTableCell-root"
                scope="col"
              >
                <div
                  class="c5"
                >
                  <button
                    class="MuiButtonBase-root MuiButton-root MuiButton-text MuiButton-textInherit MuiButton-sizeMedium MuiButton-textSizeMedium MuiButton-colorInherit MuiButton-root MuiButton-text MuiButton-textInherit MuiButton-sizeMedium MuiButton-textSizeMedium MuiButton-colorInherit c6 css-1swlott-MuiButtonBase-root-MuiButton-root"
                    tabindex="0"
                    type="button"
                  >
                    <h2
                      class="selected"
                    >
                      Name
                    </h2>
                  </button>
                  <div
                    class="c7 c8 downward"
                  >
                    <svg
                      aria-hidden="true"
                      class="MuiSvgIcon-root MuiSvgIcon-fontSizeMedium css-1umw9bq-MuiSvgIcon-root"
                      data-testid="ArrowUpwardIcon"
                      focusable="false"
                      viewBox="0 0 24 24"
                    >
                      <path
                        d="m4 12 1.41 1.41L11 7.83V20h2V7.83l5.58 5.59L20 12l-8-8z"
                      />
                    </svg>
                  </div>
                </div>
              </th>
              <th
                class="MuiTableCell-root MuiTableCell-head MuiTableCell-sizeMedium css-bf3zdk-MuiTableCell-root"
                scope="col"
              >
                <div
                  class="c5"
                >
                  <button
                    class="MuiButtonBase-root MuiButton-root MuiButton-text MuiButton-textInherit MuiButton-sizeMedium MuiButton-textSizeMedium MuiButton-colorInherit MuiButton-root MuiButton-text MuiButton-textInherit MuiButton-sizeMedium MuiButton-textSizeMedium MuiButton-colorInherit c6 css-1swlott-MuiButtonBase-root-MuiButton-root"
                    tabindex="0"
                    type="button"
                  >
                    <h2
                      class=""
                    >
                      Status
                    </h2>
                  </button>
                  <div
                    style="width: 16px;"
                  />
                </div>
              </th>
              <th
                class="MuiTableCell-root MuiTableCell-head MuiTableCell-sizeMedium css-bf3zdk-MuiTableCell-root"
                scope="col"
              >
                <div
                  class="c5"
                >
                  <button
                    class="MuiButtonBase-root MuiButton-root MuiButton-text MuiButton-textInherit MuiButton-sizeMedium MuiButton-textSizeMedium MuiButton-colorInherit MuiButton-root MuiButton-text MuiButton-textInherit MuiButton-sizeMedium MuiButton-textSizeMedium MuiButton-colorInherit c6 css-1swlott-MuiButtonBase-root-MuiButton-root"
                    tabindex="0"
                    type="button"
                  >
                    <h2
                      class=""
                    >
                      Last Updated
                    </h2>
                  </button>
                  <div
                    style="width: 16px;"
                  />
                </div>
              </th>
              <th
                class="MuiTableCell-root MuiTableCell-head MuiTableCell-sizeMedium css-bf3zdk-MuiTableCell-root"
                scope="col"
              >
                <div
                  class="c5"
                >
                  <button
                    class="MuiButtonBase-root MuiButton-root MuiButton-text MuiButton-textInherit MuiButton-sizeMedium MuiButton-textSizeMedium MuiButton-colorInherit MuiButton-root MuiButton-text MuiButton-textInherit MuiButton-sizeMedium MuiButton-textSizeMedium MuiButton-colorInherit c6 css-1swlott-MuiButtonBase-root-MuiButton-root"
                    tabindex="0"
                    type="button"
                  >
                    <h2
                      class=""
                    >
                      Last Synced At
                    </h2>
                  </button>
                  <div
                    style="width: 16px;"
                  />
                </div>
              </th>
            </tr>
          </thead>
          <tbody
            class="MuiTableBody-root css-gmh7jj-MuiTableBody-root"
          >
            <tr
              class="MuiTableRow-root css-h5ctz1-MuiTableRow-root"
            >
              <td
                class="MuiTableCell-root MuiTableCell-body MuiTableCell-sizeMedium css-119gvwi-MuiTableCell-root"
              >
                <span
                  class="c9 c10"
                >
                  <a
                    href="/some_url"
                  >
                    nginx
                  </a>
                </span>
              </td>
              <td
                class="MuiTableCell-root MuiTableCell-body MuiTableCell-sizeMedium css-119gvwi-MuiTableCell-root"
              >
                <span
                  class="c9 c10"
                >
                  Ready
                </span>
              </td>
              <td
                class="MuiTableCell-root MuiTableCell-body MuiTableCell-sizeMedium css-119gvwi-MuiTableCell-root"
              >
                <span
                  class="c9 c10"
                >
                  2004-01-02T15:04:05-0700
                </span>
              </td>
              <td
                class="MuiTableCell-root MuiTableCell-body MuiTableCell-sizeMedium css-119gvwi-MuiTableCell-root"
              >
                <span
                  class="c9 c10"
                >
                  3000
                </span>
              </td>
            </tr>
            <tr
              class="MuiTableRow-root css-h5ctz1-MuiTableRow-root"
            >
              <td
                class="MuiTableCell-root MuiTableCell-body MuiTableCell-sizeMedium css-119gvwi-MuiTableCell-root"
              >
                <span
                  class="c9 c10"
                >
                  <a
                    href="/some_url"
                  >
                    podinfo
                  </a>
                </span>
              </td>
              <td
                class="MuiTableCell-root MuiTableCell-body MuiTableCell-sizeMedium css-119gvwi-MuiTableCell-root"
              >
                <span
                  class="c9 c10"
                >
                  -
                </span>
              </td>
              <td
                class="MuiTableCell-root MuiTableCell-body MuiTableCell-sizeMedium css-119gvwi-MuiTableCell-root"
              >
                <span
                  class="c9 c10"
                >
                  2006-01-02T15:04:05-0700
                </span>
              </td>
              <td
                class="MuiTableCell-root MuiTableCell-body MuiTableCell-sizeMedium css-119gvwi-MuiTableCell-root"
              >
                <span
                  class="c9 c10"
                >
                  2000
                </span>
              </td>
            </tr>
            <tr
              class="MuiTableRow-root css-h5ctz1-MuiTableRow-root"
            >
              <td
                class="MuiTableCell-root MuiTableCell-body MuiTableCell-sizeMedium css-119gvwi-MuiTableCell-root"
              >
                <span
                  class="c9 c10"
                >
                  <a
                    href="/some_url"
                  >
                    the-cool-app
                  </a>
                </span>
              </td>
              <td
                class="MuiTableCell-root MuiTableCell-body MuiTableCell-sizeMedium css-119gvwi-MuiTableCell-root"
              >
                <span
                  class="c9 c10"
                />
              </td>
              <td
                class="MuiTableCell-root MuiTableCell-body MuiTableCell-sizeMedium css-119gvwi-MuiTableCell-root"
              >
                <span
                  class="c9 c10"
                >
                  2005-01-02T15:04:05-0700
                </span>
              </td>
              <td
                class="MuiTableCell-root MuiTableCell-body MuiTableCell-sizeMedium css-119gvwi-MuiTableCell-root"
              >
                <span
                  class="c9 c10"
                >
                  1000
                </span>
              </td>
            </tr>
          </tbody>
        </table>
      </div>
      <div
        class="c11"
        data-testid="container"
      >
        <div
          class="c12"
        >
          <div
            class="c13 c14"
          >
            <div
              class="c15"
            >
              <span
                class="c9 c16"
              >
                Filters
              </span>
            </div>
            <form
              class="ControlledForm"
            >
              <ul
                class="MuiList-root MuiList-padding css-b7dj7n-MuiList-root"
              />
            </form>
          </div>
        </div>
      </div>
    </div>
  </div>
</DocumentFragment>
`;
